// Jest Snapshot v1, https://goo.gl/fbAQLP

exports[`login page test renders correctly 1`] = `
<body
  id="login"
>
  <div
    className="container"
  >
    <div
      class="row"
    >
      <form
        className="loginForm"
        noValidate={true}
        onSubmit={[Function]}
      >
        <div />
        <div
          className="form form1"
        >
          <div
            className="form-group"
          >
            <input
              name="username"
              onChange={[Function]}
              placeholder="Type your user name"
              type="username"
              value=""
            />
          </div>
          <div
            className="form-group"
          >
            <input
              name="password"
              onChange={[Function]}
              placeholder="Type your password"
              type="password"
              value=""
            />
          </div>
          <button
            class="button button1"
            className="login"
            type="submit"
          >
            Log in
          </button>
        </div>
      </form>
    </div>
    <button
      class="linkButton"
      className="backToIndex"
      onClick={[Function]}
    >
      Back to Index Page
    </button>
  </div>
</body>
`;
